  console.warn
    Starting the MongoMemoryServer Instance failed, enable debug log for more information. Error:
     StdoutInstanceError: Mongod internal error (fassert() failure\n\n"}
)
        at MongoInstance.checkErrorInLine (D:\Dock\SportsAmigo\backend\node_modules\mongodb-memory-server-core\src\util\MongoInstance.ts:728:9)
        at MongoInstance.stdoutHandler (D:\Dock\SportsAmigo\backend\node_modules\mongodb-memory-server-core\src\util\MongoInstance.ts:623:10)
        at Socket.emit (node:events:518:28)
        at addChunk (node:internal/streams/readable:561:12)
        at readableAddChunkPushByteMode (node:internal/streams/readable:512:3)
        at Socket.Readable.push (node:internal/streams/readable:392:5)
        at Pipe.onStreamRead (node:internal/stream_base_commons:189:23)

    [0m [90m  5 |[39m
     [90m  6 |[39m [36masync[39m [36mfunction[39m connectTestDB() {
    [31m[1m>[22m[39m[90m  7 |[39m     mongoServer [33m=[39m [36mawait[39m [33mMongoMemoryServer[39m[33m.[39mcreate()[33m;[39m
     [90m    |[39m                   [31m[1m^[22m[39m
     [90m  8 |[39m     [36mconst[39m uri [33m=[39m mongoServer[33m.[39mgetUri()[33m;[39m
     [90m  9 |[39m     [36mawait[39m mongoose[33m.[39mconnect(uri)[33m;[39m
     [90m 10 |[39m }[0m

      at node_modules/mongodb-memory-server-core/src/MongoMemoryServer.ts:359:17
      at MongoMemoryServer.start (node_modules/mongodb-memory-server-core/src/MongoMemoryServer.ts:350:5)
      at Function.create (node_modules/mongodb-memory-server-core/src/MongoMemoryServer.ts:317:5)
      at connectTestDB (__tests__/helpers/testServer.js:7:19)
      at Object.<anonymous> (__tests__/wallet.test.js:7:5)

node.exe : FAIL __tests__/wallet.test.js (12.255 
s)
At C:\Program Files\nodejs\npx.ps1:29 char:3
+   & $NODE_EXE $NPX_CLI_JS $args
+   ~~~~~~~~~~~~~~~~~~~~~~~~~~~~~
    + CategoryInfo          : NotSpecified: (FAI 
   L __tests__/wallet.test.js (12.255 s):String  
  ) [], RemoteException
    + FullyQualifiedErrorId : NativeCommandError
 
  ΓùÅ GET /api/wallet/balance ΓÇ║ returns 200 
and current balance for authenticated player

    Mongod internal error (fassert() 
failure\n\n"}
    )

      at MongoInstance.checkErrorInLine (node_mod
ules/mongodb-memory-server-core/src/util/MongoIns
tance.ts:728:9)
      at MongoInstance.stdoutHandler (node_module
s/mongodb-memory-server-core/src/util/MongoInstan
ce.ts:623:10)

  ΓùÅ GET /api/wallet/balance ΓÇ║ returns 401 
for unauthenticated request

    Mongod internal error (fassert() 
failure\n\n"}
    )

      at MongoInstance.checkErrorInLine (node_mod
ules/mongodb-memory-server-core/src/util/MongoIns
tance.ts:728:9)
      at MongoInstance.stdoutHandler (node_module
s/mongodb-memory-server-core/src/util/MongoInstan
ce.ts:623:10)

  ΓùÅ POST /api/wallet/add (credit) ΓÇ║ valid 
credit increases balance

    Mongod internal error (fassert() 
failure\n\n"}
    )

      at MongoInstance.checkErrorInLine (node_mod
ules/mongodb-memory-server-core/src/util/MongoIns
tance.ts:728:9)
      at MongoInstance.stdoutHandler (node_module
s/mongodb-memory-server-core/src/util/MongoInstan
ce.ts:623:10)

  ΓùÅ POST /api/wallet/add (credit) ΓÇ║ credit 
with negative amount returns error

    Mongod internal error (fassert() 
failure\n\n"}
    )

      at MongoInstance.checkErrorInLine (node_mod
ules/mongodb-memory-server-core/src/util/MongoIns
tance.ts:728:9)
      at MongoInstance.stdoutHandler (node_module
s/mongodb-memory-server-core/src/util/MongoInstan
ce.ts:623:10)

  ΓùÅ POST /api/wallet/add (credit) ΓÇ║ credit 
with zero amount returns error

    Mongod internal error (fassert() 
failure\n\n"}
    )

      at MongoInstance.checkErrorInLine (node_mod
ules/mongodb-memory-server-core/src/util/MongoIns
tance.ts:728:9)
      at MongoInstance.stdoutHandler (node_module
s/mongodb-memory-server-core/src/util/MongoInstan
ce.ts:623:10)

  ΓùÅ POST /api/wallet/add (credit) ΓÇ║ credit 
exceeding max amount returns error

    Mongod internal error (fassert() 
failure\n\n"}
    )

      at MongoInstance.checkErrorInLine (node_mod
ules/mongodb-memory-server-core/src/util/MongoIns
tance.ts:728:9)
      at MongoInstance.stdoutHandler (node_module
s/mongodb-memory-server-core/src/util/MongoInstan
ce.ts:623:10)

  ΓùÅ GET /api/wallet/transactions ΓÇ║ returns 
transaction list after credits

    Mongod internal error (fassert() 
failure\n\n"}
    )

      at MongoInstance.checkErrorInLine (node_mod
ules/mongodb-memory-server-core/src/util/MongoIns
tance.ts:728:9)
      at MongoInstance.stdoutHandler (node_module
s/mongodb-memory-server-core/src/util/MongoInstan
ce.ts:623:10)


  ΓùÅ Test suite failed to run

    MongooseError: Connection operation 
buffering timed out after 10000ms

    [0m [90m 11 |[39m
     [90m 12 |[39m [36masync[39m 
[36mfunction[39m disconnectTestDB() {
    [31m[1m>[22m[39m[90m 13 |[39m     
[36mawait[39m mongoose[33m.[39mconnection[33
m.[39mdropDatabase()[33m;[39m
     [90m    |[39m     [31m[1m^[22m[39m
     [90m 14 |[39m     [36mawait[39m 
mongoose[33m.[39mdisconnect()[33m;[39m
     [90m 15 |[39m     [36mawait[39m 
mongoServer[33m.[39mstop()[33m;[39m
     [90m 16 |[39m }[0m

      at NativeConnection._waitForConnect 
(node_modules/mongoose/lib/connection.js:869:13)
      at NativeConnection.dropDatabase 
(node_modules/mongoose/lib/connection.js:947:3)
      at disconnectTestDB 
(__tests__/helpers/testServer.js:13:5)
      at Object.<anonymous> 
(__tests__/wallet.test.js:16:5)

  console.warn
    Starting the MongoMemoryServer Instance failed, enable debug log for more information. Error:
     StdoutInstanceError: Mongod internal error (fassert() failure\n\n"})
        at MongoInstance.checkErrorInLine (D:\Dock\SportsAmigo\backend\node_modules\mongodb-memory-server-core\src\util\MongoInstance.ts:728:9)
        at MongoInstance.stdoutHandler (D:\Dock\SportsAmigo\backend\node_modules\mongodb-memory-server-core\src\util\MongoInstance.ts:623:10)
        at Socket.emit (node:events:518:28)
        at addChunk (node:internal/streams/readable:561:12)
        at readableAddChunkPushByteMode (node:internal/streams/readable:512:3)
        at Socket.Readable.push (node:internal/streams/readable:392:5)
        at Pipe.onStreamRead (node:internal/stream_base_commons:189:23)

    [0m [90m  5 |[39m
     [90m  6 |[39m [36masync[39m [36mfunction[39m connectTestDB() {
    [31m[1m>[22m[39m[90m  7 |[39m     mongoServer [33m=[39m [36mawait[39m [33mMongoMemoryServer[39m[33m.[39mcreate()[33m;[39m
     [90m    |[39m                   [31m[1m^[22m[39m
     [90m  8 |[39m     [36mconst[39m uri [33m=[39m mongoServer[33m.[39mgetUri()[33m;[39m
     [90m  9 |[39m     [36mawait[39m mongoose[33m.[39mconnect(uri)[33m;[39m
     [90m 10 |[39m }[0m

      at node_modules/mongodb-memory-server-core/src/MongoMemoryServer.ts:359:17
      at MongoMemoryServer.start (node_modules/mongodb-memory-server-core/src/MongoMemoryServer.ts:350:5)
      at Function.create (node_modules/mongodb-memory-server-core/src/MongoMemoryServer.ts:317:5)
      at connectTestDB (__tests__/helpers/testServer.js:7:19)
      at Object.<anonymous> (__tests__/payments.test.js:23:5)

FAIL __tests__/payments.test.js (11.281 s)
  ΓùÅ POST /api/v1/subscriptions/create-order 
ΓÇ║ authenticated organizer gets a valid order 
response

    Mongod internal error (fassert() 
failure\n\n"})

      at MongoInstance.checkErrorInLine (node_mod
ules/mongodb-memory-server-core/src/util/MongoIns
tance.ts:728:9)
      at MongoInstance.stdoutHandler (node_module
s/mongodb-memory-server-core/src/util/MongoInstan
ce.ts:623:10)

  ΓùÅ POST /api/v1/subscriptions/create-order 
ΓÇ║ unauthenticated request returns 401

    Mongod internal error (fassert() 
failure\n\n"})

      at MongoInstance.checkErrorInLine (node_mod
ules/mongodb-memory-server-core/src/util/MongoIns
tance.ts:728:9)
      at MongoInstance.stdoutHandler (node_module
s/mongodb-memory-server-core/src/util/MongoInstan
ce.ts:623:10)

  ΓùÅ POST /api/v1/subscriptions/create-order 
ΓÇ║ invalid or missing plan field returns 400

    Mongod internal error (fassert() 
failure\n\n"})

      at MongoInstance.checkErrorInLine (node_mod
ules/mongodb-memory-server-core/src/util/MongoIns
tance.ts:728:9)
      at MongoInstance.stdoutHandler (node_module
s/mongodb-memory-server-core/src/util/MongoInstan
ce.ts:623:10)

  ΓùÅ POST /api/v1/subscriptions/verify-payment 
ΓÇ║ invalid/tampered signature returns 400

    Mongod internal error (fassert() 
failure\n\n"})

      at MongoInstance.checkErrorInLine (node_mod
ules/mongodb-memory-server-core/src/util/MongoIns
tance.ts:728:9)
      at MongoInstance.stdoutHandler (node_module
s/mongodb-memory-server-core/src/util/MongoInstan
ce.ts:623:10)

  ΓùÅ POST /api/v1/vas/create-order ΓÇ║ 
authenticated organizer can create VAS order

    Mongod internal error (fassert() 
failure\n\n"})

      at MongoInstance.checkErrorInLine (node_mod
ules/mongodb-memory-server-core/src/util/MongoIns
tance.ts:728:9)
      at MongoInstance.stdoutHandler (node_module
s/mongodb-memory-server-core/src/util/MongoInstan
ce.ts:623:10)

  ΓùÅ POST /api/v1/vas/create-order ΓÇ║ 
unauthenticated VAS request returns 401

    Mongod internal error (fassert() 
failure\n\n"})

      at MongoInstance.checkErrorInLine (node_mod
ules/mongodb-memory-server-core/src/util/MongoIns
tance.ts:728:9)
      at MongoInstance.stdoutHandler (node_module
s/mongodb-memory-server-core/src/util/MongoInstan
ce.ts:623:10)


  ΓùÅ Test suite failed to run

    MongooseError: Connection operation 
buffering timed out after 10000ms

    [0m [90m 11 |[39m
     [90m 12 |[39m [36masync[39m 
[36mfunction[39m disconnectTestDB() {
    [31m[1m>[22m[39m[90m 13 |[39m     
[36mawait[39m mongoose[33m.[39mconnection[33
m.[39mdropDatabase()[33m;[39m
     [90m    |[39m     [31m[1m^[22m[39m
     [90m 14 |[39m     [36mawait[39m 
mongoose[33m.[39mdisconnect()[33m;[39m
     [90m 15 |[39m     [36mawait[39m 
mongoServer[33m.[39mstop()[33m;[39m
     [90m 16 |[39m }[0m

      at NativeConnection._waitForConnect 
(node_modules/mongoose/lib/connection.js:869:13)
      at NativeConnection.dropDatabase 
(node_modules/mongoose/lib/connection.js:947:3)
      at disconnectTestDB 
(__tests__/helpers/testServer.js:13:5)
      at Object.<anonymous> 
(__tests__/payments.test.js:33:5)

  console.warn
    Starting the MongoMemoryServer Instance failed, enable debug log for more information. Error:
     StdoutInstanceError: Mongod internal error (fassert() failure\n\n"})
        at MongoInstance.checkErrorInLine (D:\Dock\SportsAmigo\backend\node_modules\mongodb-memory-server-core\src\util\MongoInstance.ts:728:9)
        at MongoInstance.stdoutHandler (D:\Dock\SportsAmigo\backend\node_modules\mongodb-memory-server-core\src\util\MongoInstance.ts:623:10)
        at Socket.emit (node:events:518:28)
        at addChunk (node:internal/streams/readable:561:12)
        at readableAddChunkPushByteMode (node:internal/streams/readable:512:3)
        at Socket.Readable.push (node:internal/streams/readable:392:5)
        at Pipe.onStreamRead (node:internal/stream_base_commons:189:23)

    [0m [90m  5 |[39m
     [90m  6 |[39m [36masync[39m [36mfunction[39m connectTestDB() {
    [31m[1m>[22m[39m[90m  7 |[39m     mongoServer [33m=[39m [36mawait[39m [33mMongoMemoryServer[39m[33m.[39mcreate()[33m;[39m
     [90m    |[39m                   [31m[1m^[22m[39m
     [90m  8 |[39m     [36mconst[39m uri [33m=[39m mongoServer[33m.[39mgetUri()[33m;[39m
     [90m  9 |[39m     [36mawait[39m mongoose[33m.[39mconnect(uri)[33m;[39m
     [90m 10 |[39m }[0m

      at node_modules/mongodb-memory-server-core/src/MongoMemoryServer.ts:359:17
      at MongoMemoryServer.start (node_modules/mongodb-memory-server-core/src/MongoMemoryServer.ts:350:5)
      at Function.create (node_modules/mongodb-memory-server-core/src/MongoMemoryServer.ts:317:5)
      at connectTestDB (__tests__/helpers/testServer.js:7:19)
      at Object.<anonymous> (__tests__/health.test.js:7:5)

FAIL __tests__/health.test.js (11.277 s)
  ΓùÅ GET /health ΓÇ║ returns 200 with status ok

    Mongod internal error (fassert() 
failure\n\n"})

      at MongoInstance.checkErrorInLine (node_mod
ules/mongodb-memory-server-core/src/util/MongoIns
tance.ts:728:9)
      at MongoInstance.stdoutHandler (node_module
s/mongodb-memory-server-core/src/util/MongoInstan
ce.ts:623:10)


  ΓùÅ Test suite failed to run

    MongooseError: Connection operation 
buffering timed out after 10000ms

    [0m [90m 11 |[39m
     [90m 12 |[39m [36masync[39m 
[36mfunction[39m disconnectTestDB() {
    [31m[1m>[22m[39m[90m 13 |[39m     
[36mawait[39m mongoose[33m.[39mconnection[33
m.[39mdropDatabase()[33m;[39m
     [90m    |[39m     [31m[1m^[22m[39m
     [90m 14 |[39m     [36mawait[39m 
mongoose[33m.[39mdisconnect()[33m;[39m
     [90m 15 |[39m     [36mawait[39m 
mongoServer[33m.[39mstop()[33m;[39m
     [90m 16 |[39m }[0m

      at NativeConnection._waitForConnect 
(node_modules/mongoose/lib/connection.js:869:13)
      at NativeConnection.dropDatabase 
(node_modules/mongoose/lib/connection.js:947:3)
      at disconnectTestDB 
(__tests__/helpers/testServer.js:13:5)
      at Object.<anonymous> 
(__tests__/health.test.js:12:5)

  console.warn
    Starting the MongoMemoryServer Instance failed, enable debug log for more information. Error:
     StdoutInstanceError: Mongod internal error (fassert() failure\n\n"})
        at MongoInstance.checkErrorInLine (D:\Dock\SportsAmigo\backend\node_modules\mongodb-memory-server-core\src\util\MongoInstance.ts:728:9)
        at MongoInstance.stdoutHandler (D:\Dock\SportsAmigo\backend\node_modules\mongodb-memory-server-core\src\util\MongoInstance.ts:623:10)
        at Socket.emit (node:events:518:28)
        at addChunk (node:internal/streams/readable:561:12)
        at readableAddChunkPushByteMode (node:internal/streams/readable:512:3)
        at Socket.Readable.push (node:internal/streams/readable:392:5)
        at Pipe.onStreamRead (node:internal/stream_base_commons:189:23)

    [0m [90m  5 |[39m
     [90m  6 |[39m [36masync[39m [36mfunction[39m connectTestDB() {
    [31m[1m>[22m[39m[90m  7 |[39m     mongoServer [33m=[39m [36mawait[39m [33mMongoMemoryServer[39m[33m.[39mcreate()[33m;[39m
     [90m    |[39m                   [31m[1m^[22m[39m
     [90m  8 |[39m     [36mconst[39m uri [33m=[39m mongoServer[33m.[39mgetUri()[33m;[39m
     [90m  9 |[39m     [36mawait[39m mongoose[33m.[39mconnect(uri)[33m;[39m
     [90m 10 |[39m }[0m

      at node_modules/mongodb-memory-server-core/src/MongoMemoryServer.ts:359:17
      at MongoMemoryServer.start (node_modules/mongodb-memory-server-core/src/MongoMemoryServer.ts:350:5)
      at Function.create (node_modules/mongodb-memory-server-core/src/MongoMemoryServer.ts:317:5)
      at connectTestDB (__tests__/helpers/testServer.js:7:19)
      at Object.<anonymous> (__tests__/auth.test.js:8:5)

FAIL __tests__/auth.test.js (11.237 s)
  ΓùÅ POST /api/auth/login ΓÇ║ correct 
credentials return 200 and set cookie

    Mongod internal error (fassert() 
failure\n\n"})

      at MongoInstance.checkErrorInLine (node_mod
ules/mongodb-memory-server-core/src/util/MongoIns
tance.ts:728:9)
      at MongoInstance.stdoutHandler (node_module
s/mongodb-memory-server-core/src/util/MongoInstan
ce.ts:623:10)

  ΓùÅ POST /api/auth/login ΓÇ║ wrong password 
returns 401

    Mongod internal error (fassert() 
failure\n\n"})

      at MongoInstance.checkErrorInLine (node_mod
ules/mongodb-memory-server-core/src/util/MongoIns
tance.ts:728:9)
      at MongoInstance.stdoutHandler (node_module
s/mongodb-memory-server-core/src/util/MongoInstan
ce.ts:623:10)

  ΓùÅ POST /api/auth/login ΓÇ║ non-existent 
email returns 401

    Mongod internal error (fassert() 
failure\n\n"})

      at MongoInstance.checkErrorInLine (node_mod
ules/mongodb-memory-server-core/src/util/MongoIns
tance.ts:728:9)
      at MongoInstance.stdoutHandler (node_module
s/mongodb-memory-server-core/src/util/MongoInstan
ce.ts:623:10)

  ΓùÅ POST /api/auth/login ΓÇ║ missing required 
field returns 400

    Mongod internal error (fassert() 
failure\n\n"})

      at MongoInstance.checkErrorInLine (node_mod
ules/mongodb-memory-server-core/src/util/MongoIns
tance.ts:728:9)
      at MongoInstance.stdoutHandler (node_module
s/mongodb-memory-server-core/src/util/MongoInstan
ce.ts:623:10)

  ΓùÅ POST /api/auth/login ΓÇ║ password is not 
leaked in response

    Mongod internal error (fassert() 
failure\n\n"})

      at MongoInstance.checkErrorInLine (node_mod
ules/mongodb-memory-server-core/src/util/MongoIns
tance.ts:728:9)
      at MongoInstance.stdoutHandler (node_module
s/mongodb-memory-server-core/src/util/MongoInstan
ce.ts:623:10)

  ΓùÅ GET /api/auth/check-session (protected 
route) ΓÇ║ accessing without login returns 
authenticated: false

    Mongod internal error (fassert() 
failure\n\n"})

      at MongoInstance.checkErrorInLine (node_mod
ules/mongodb-memory-server-core/src/util/MongoIns
tance.ts:728:9)
      at MongoInstance.stdoutHandler (node_module
s/mongodb-memory-server-core/src/util/MongoInstan
ce.ts:623:10)

  ΓùÅ GET /api/auth/check-session (protected 
route) ΓÇ║ accessing with valid session returns 
authenticated: true

    Mongod internal error (fassert() 
failure\n\n"})

      at MongoInstance.checkErrorInLine (node_mod
ules/mongodb-memory-server-core/src/util/MongoIns
tance.ts:728:9)
      at MongoInstance.stdoutHandler (node_module
s/mongodb-memory-server-core/src/util/MongoInstan
ce.ts:623:10)

  ΓùÅ POST /api/auth/logout ΓÇ║ logout destroys 
session

    Mongod internal error (fassert() 
failure\n\n"})

      at MongoInstance.checkErrorInLine (node_mod
ules/mongodb-memory-server-core/src/util/MongoIns
tance.ts:728:9)
      at MongoInstance.stdoutHandler (node_module
s/mongodb-memory-server-core/src/util/MongoInstan
ce.ts:623:10)


  ΓùÅ Test suite failed to run

    MongooseError: Connection operation 
buffering timed out after 10000ms

    [0m [90m 11 |[39m
     [90m 12 |[39m [36masync[39m 
[36mfunction[39m disconnectTestDB() {
    [31m[1m>[22m[39m[90m 13 |[39m     
[36mawait[39m mongoose[33m.[39mconnection[33
m.[39mdropDatabase()[33m;[39m
     [90m    |[39m     [31m[1m^[22m[39m
     [90m 14 |[39m     [36mawait[39m 
mongoose[33m.[39mdisconnect()[33m;[39m
     [90m 15 |[39m     [36mawait[39m 
mongoServer[33m.[39mstop()[33m;[39m
     [90m 16 |[39m }[0m

      at NativeConnection._waitForConnect 
(node_modules/mongoose/lib/connection.js:869:13)
      at NativeConnection.dropDatabase 
(node_modules/mongoose/lib/connection.js:947:3)
      at disconnectTestDB 
(__tests__/helpers/testServer.js:13:5)
      at Object.<anonymous> 
(__tests__/auth.test.js:17:5)

Test Suites: 4 failed, 4 total
Tests:       22 failed, 22 total
Snapshots:   0 total
Time:        46.129 s
Ran all test suites.
Force exiting Jest: Have you considered using 
`--detectOpenHandles` to detect async operations 
that kept running after all tests finished?
